Primary seth(1) test suite
==========================

$ seth accounts
0x841b4d218f211f4e21e856e89d42521b2211201d 0x0

$ seth status
block-number    	0x1755d0
client-version  	Geth/v1.3.5/linux/go1.5.1
gas-price       	0x4a817c800
hashrate        	0x0
listening       	true
mining          	false
network-version 	1
peer-count      	0xc
protocol-version	63
sync-current-block	-
sync-highest-block	-
sync-starting-block	-
syncing         	false
